[INFO] Scanning for projects...
[INFO] 
[INFO] ---------< com.plateformeopportunites:plateforme-opportunites >---------
[INFO] Building plateforme-opportunites 0.0.1-SNAPSHOT
[INFO]   from pom.xml
[INFO] --------------------------------[ jar ]---------------------------------
[INFO] 
[INFO] >>> spring-boot:3.3.5:run (default-cli) > test-compile @ plateforme-opportunites >>>
[INFO] 
[INFO] --- resources:3.3.1:resources (default-resources) @ plateforme-opportunites ---
[INFO] Copying 1 resource from src\main\resources to target\classes
[INFO] Copying 0 resource from src\main\resources to target\classes
[INFO] 
[INFO] --- compiler:3.13.0:compile (default-compile) @ plateforme-opportunites ---
[INFO] Nothing to compile - all classes are up to date.
[INFO] 
[INFO] --- resources:3.3.1:testResources (default-testResources) @ plateforme-opportunites ---
[INFO] skip non existing resourceDirectory E:\plateforme-opportunites\backend\plateforme-opportunites\src\test\resources
[INFO] 
[INFO] --- compiler:3.13.0:testCompile (default-testCompile) @ plateforme-opportunites ---
[INFO] Nothing to compile - all classes are up to date.
[INFO] 
[INFO] <<< spring-boot:3.3.5:run (default-cli) < test-compile @ plateforme-opportunites <<<
[INFO] 
[INFO] 
[INFO] --- spring-boot:3.3.5:run (default-cli) @ plateforme-opportunites ---
[INFO] Attaching agents: []

  .   ____          _            __ _ _
 /\\ / ___'_ __ _ _(_)_ __  __ _ \ \ \ \
( ( )\___ | '_ | '_| | '_ \/ _` | \ \ \ \
 \\/  ___)| |_)| | | | | || (_| |  ) ) ) )
  '  |____| .__|_| |_|_| |_\__, | / / / /
 =========|_|==============|___/=/_/_/_/

 :: Spring Boot ::                (v3.3.5)

2026-07-09T10:27:26.699Z  INFO 26516 --- [plateforme-opportunites] [           main] c.p.p.PlateformeOpportunitesApplication  : Starting PlateformeOpportunitesApplication using Java 21.0.9 with PID 26516 (E:\plateforme-opportunites\backend\plateforme-opportunites\target\classes started by hyaou in E:\plateforme-opportunites\backend\plateforme-opportunites)
2026-07-09T10:27:26.706Z  INFO 26516 --- [plateforme-opportunites] [           main] c.p.p.PlateformeOpportunitesApplication  : No active profile set, falling back to 1 default profile: "default"
2026-07-09T10:27:28.464Z  INFO 26516 --- [plateforme-opportunites] [           main] .s.d.r.c.RepositoryConfigurationDelegate : Multiple Spring Data modules found, entering strict repository configuration mode
2026-07-09T10:27:28.464Z  INFO 26516 --- [plateforme-opportunites] [           main] .s.d.r.c.RepositoryConfigurationDelegate : Bootstrapping Spring Data JPA repositories in DEFAULT mode.
2026-07-09T10:27:28.881Z  INFO 26516 --- [plateforme-opportunites] [           main] .s.d.r.c.RepositoryConfigurationDelegate : Finished Spring Data repository scanning in 399 ms. Found 20 JPA repository interfaces.
2026-07-09T10:27:29.626Z  INFO 26516 --- [plateforme-opportunites] [           main] .s.d.r.c.RepositoryConfigurationDelegate : Multiple Spring Data modules found, entering strict repository configuration mode
2026-07-09T10:27:29.630Z  INFO 26516 --- [plateforme-opportunites] [           main] .s.d.r.c.RepositoryConfigurationDelegate : Bootstrapping Spring Data Redis repositories in DEFAULT mode.
2026-07-09T10:27:29.681Z  INFO 26516 --- [plateforme-opportunites] [           main] .s.d.r.c.RepositoryConfigurationDelegate : Finished Spring Data repository scanning in 24 ms. Found 0 Redis repository interfaces.
2026-07-09T10:27:31.259Z  INFO 26516 --- [plateforme-opportunites] [           main] o.s.b.w.embedded.tomcat.TomcatWebServer  : Tomcat initialized with port 8080 (http)
2026-07-09T10:27:31.290Z  INFO 26516 --- [plateforme-opportunites] [           main] o.apache.catalina.core.StandardService   : Starting service [Tomcat]
2026-07-09T10:27:31.291Z  INFO 26516 --- [plateforme-opportunites] [           main] o.apache.catalina.core.StandardEngine    : Starting Servlet engine: [Apache Tomcat/10.1.31]
2026-07-09T10:27:31.440Z  INFO 26516 --- [plateforme-opportunites] [           main] o.a.c.c.C.[Tomcat].[localhost].[/]       : Initializing Spring embedded WebApplicationContext
2026-07-09T10:27:31.443Z  INFO 26516 --- [plateforme-opportunites] [           main] w.s.c.ServletWebServerApplicationContext : Root WebApplicationContext: initialization completed in 4583 ms
2026-07-09T10:27:31.805Z  INFO 26516 --- [plateforme-opportunites] [           main] o.hibernate.jpa.internal.util.LogHelper  : HHH000204: Processing PersistenceUnitInfo [name: default]
2026-07-09T10:27:31.987Z  INFO 26516 --- [plateforme-opportunites] [           main] org.hibernate.Version                    : HHH000412: Hibernate ORM core version 6.5.3.Final
2026-07-09T10:27:32.073Z  INFO 26516 --- [plateforme-opportunites] [           main] o.h.c.internal.RegionFactoryInitiator    : HHH000026: Second-level cache disabled
2026-07-09T10:27:32.721Z  INFO 26516 --- [plateforme-opportunites] [           main] o.s.o.j.p.SpringPersistenceUnitInfo      : No LoadTimeWeaver setup: ignoring JPA class transformer
2026-07-09T10:27:32.780Z  INFO 26516 --- [plateforme-opportunites] [           main] com.zaxxer.hikari.HikariDataSource       : HikariPool-1 - Starting...
2026-07-09T10:27:33.164Z  INFO 26516 --- [plateforme-opportunites] [           main] com.zaxxer.hikari.pool.HikariPool        : HikariPool-1 - Added connection org.postgresql.jdbc.PgConnection@7b2d58e6
2026-07-09T10:27:33.167Z  INFO 26516 --- [plateforme-opportunites] [           main] com.zaxxer.hikari.HikariDataSource       : HikariPool-1 - Start completed.
2026-07-09T10:27:36.932Z  INFO 26516 --- [plateforme-opportunites] [           main] o.h.e.t.j.p.i.JtaPlatformInitiator       : HHH000489: No JTA platform available (set 'hibernate.transaction.jta.platform' to enable JTA platform integration)
2026-07-09T10:27:37.612Z  INFO 26516 --- [plateforme-opportunites] [           main] j.LocalContainerEntityManagerFactoryBean : Initialized JPA EntityManagerFactory for persistence unit 'default'
2026-07-09T10:27:38.211Z  INFO 26516 --- [plateforme-opportunites] [           main] o.s.d.j.r.query.QueryEnhancerFactory     : Hibernate is in classpath; If applicable, HQL parser will be used.
2026-07-09T10:27:41.138Z  WARN 26516 --- [plateforme-opportunites] [           main] .s.s.UserDetailsServiceAutoConfiguration : 

Using generated security password: c6f8cd1a-6648-4081-b2e3-57acb6504389

This generated password is for development use only. Your security configuration must be updated before running your application in production.

2026-07-09T10:27:41.159Z  INFO 26516 --- [plateforme-opportunites] [           main] r$InitializeUserDetailsManagerConfigurer : Global AuthenticationManager configured with UserDetailsService bean with name inMemoryUserDetailsManager
2026-07-09T10:27:42.892Z  INFO 26516 --- [plateforme-opportunites] [           main] o.s.b.w.embedded.tomcat.TomcatWebServer  : Tomcat started on port 8080 (http) with context path '/'
2026-07-09T10:27:42.918Z  INFO 26516 --- [plateforme-opportunites] [           main] c.p.p.PlateformeOpportunitesApplication  : Started PlateformeOpportunitesApplication in 17.43 seconds (process running for 19.574)
2026-07-09T10:27:43.830Z  INFO 26516 --- [plateforme-opportunites] [nio-8080-exec-1] o.a.c.c.C.[Tomcat].[localhost].[/]       : Initializing Spring DispatcherServlet 'dispatcherServlet'
2026-07-09T10:27:43.830Z  INFO 26516 --- [plateforme-opportunites] [nio-8080-exec-1] o.s.web.servlet.DispatcherServlet        : Initializing Servlet 'dispatcherServlet'
2026-07-09T10:27:43.833Z  INFO 26516 --- [plateforme-opportunites] [nio-8080-exec-1] o.s.web.servlet.DispatcherServlet        : Completed initialization in 3 ms
2026-07-09T10:36:50.857Z  INFO 26516 --- [plateforme-opportunites] [nio-8080-exec-1] c.p.identity.service.OtpService          : OTP généré pour nouveau@test.tg (valide 5 min)
2026-07-09T10:37:16.935Z  INFO 26516 --- [plateforme-opportunites] [io-8080-exec-10] c.p.identity.service.OtpService          : OTP généré pour testuser@test.tg (valide 5 min)
2026-07-09T10:38:49.269Z  INFO 26516 --- [plateforme-opportunites] [nio-8080-exec-5] c.p.identity.service.OtpService          : OTP généré pour user2@test.tg (valide 5 min)
2026-07-09T10:40:51.170Z  INFO 26516 --- [plateforme-opportunites] [nio-8080-exec-8] c.p.identity.service.OtpService          : OTP généré pour user3@test.tg (valide 5 min)
2026-07-09T10:43:17.497Z  INFO 26516 --- [plateforme-opportunites] [nio-8080-exec-4] c.p.identity.service.OtpService          : OTP généré pour user4@test.tg (valide 5 min)
2026-07-09T10:43:33.415Z  INFO 26516 --- [plateforme-opportunites] [nio-8080-exec-7] c.p.identity.service.OtpService          : OTP généré pour user5@test.tg (valide 5 min)
2026-07-09T10:44:49.886Z  INFO 26516 --- [plateforme-opportunites] [io-8080-exec-10] c.p.identity.service.OtpService          : OTP généré pour user6@test.tg (valide 5 min)
